Archive member included to satisfy reference by file (symbol)

c:/st/stm32cubeide_1.11.0/stm32cubeide/plugins/com.st.stm32cube.ide.mcu.externaltools.gnu-tools-for-stm32.10.3-2021.10.win32_1.0.100.202210260954/tools/bin/../lib/gcc/arm-none-eabi/10.3.1/../../../../arm-none-eabi/lib/thumb/v7e-m+fp/hard\libc_nano.a(lib_a-errno.o)
                              ./Core/Src/syscalls.o (__errno)
c:/st/stm32cubeide_1.11.0/stm32cubeide/plugins/com.st.stm32cube.ide.mcu.externaltools.gnu-tools-for-stm32.10.3-2021.10.win32_1.0.100.202210260954/tools/bin/../lib/gcc/arm-none-eabi/10.3.1/../../../../arm-none-eabi/lib/thumb/v7e-m+fp/hard\libc_nano.a(lib_a-exit.o)
                              c:/st/stm32cubeide_1.11.0/stm32cubeide/plugins/com.st.stm32cube.ide.mcu.externaltools.gnu-tools-for-stm32.10.3-2021.10.win32_1.0.100.202210260954/tools/bin/../lib/gcc/arm-none-eabi/10.3.1/../../../../arm-none-eabi/lib/thumb/v7e-m+fp/hard/crt0.o (exit)
c:/st/stm32cubeide_1.11.0/stm32cubeide/plugins/com.st.stm32cube.ide.mcu.externaltools.gnu-tools-for-stm32.10.3-2021.10.win32_1.0.100.202210260954/tools/bin/../lib/gcc/arm-none-eabi/10.3.1/../../../../arm-none-eabi/lib/thumb/v7e-m+fp/hard\libc_nano.a(lib_a-impure.o)
                              c:/st/stm32cubeide_1.11.0/stm32cubeide/plugins/com.st.stm32cube.ide.mcu.externaltools.gnu-tools-for-stm32.10.3-2021.10.win32_1.0.100.202210260954/tools/bin/../lib/gcc/arm-none-eabi/10.3.1/../../../../arm-none-eabi/lib/thumb/v7e-m+fp/hard\libc_nano.a(lib_a-exit.o) (_global_impure_ptr)
c:/st/stm32cubeide_1.11.0/stm32cubeide/plugins/com.st.stm32cube.ide.mcu.externaltools.gnu-tools-for-stm32.10.3-2021.10.win32_1.0.100.202210260954/tools/bin/../lib/gcc/arm-none-eabi/10.3.1/../../../../arm-none-eabi/lib/thumb/v7e-m+fp/hard\libc_nano.a(lib_a-init.o)
                              c:/st/stm32cubeide_1.11.0/stm32cubeide/plugins/com.st.stm32cube.ide.mcu.externaltools.gnu-tools-for-stm32.10.3-2021.10.win32_1.0.100.202210260954/tools/bin/../lib/gcc/arm-none-eabi/10.3.1/../../../../arm-none-eabi/lib/thumb/v7e-m+fp/hard/crt0.o (__libc_init_array)
c:/st/stm32cubeide_1.11.0/stm32cubeide/plugins/com.st.stm32cube.ide.mcu.externaltools.gnu-tools-for-stm32.10.3-2021.10.win32_1.0.100.202210260954/tools/bin/../lib/gcc/arm-none-eabi/10.3.1/../../../../arm-none-eabi/lib/thumb/v7e-m+fp/hard\libc_nano.a(lib_a-memset.o)
                              c:/st/stm32cubeide_1.11.0/stm32cubeide/plugins/com.st.stm32cube.ide.mcu.externaltools.gnu-tools-for-stm32.10.3-2021.10.win32_1.0.100.202210260954/tools/bin/../lib/gcc/arm-none-eabi/10.3.1/../../../../arm-none-eabi/lib/thumb/v7e-m+fp/hard/crt0.o (memset)
c:/st/stm32cubeide_1.11.0/stm32cubeide/plugins/com.st.stm32cube.ide.mcu.externaltools.gnu-tools-for-stm32.10.3-2021.10.win32_1.0.100.202210260954/tools/bin/../lib/gcc/arm-none-eabi/10.3.1/thumb/v7e-m+fp/hard\libgcc.a(_arm_muldf3.o)
                              ./Core/Usr/wt61pc.o (__aeabi_dmul)
c:/st/stm32cubeide_1.11.0/stm32cubeide/plugins/com.st.stm32cube.ide.mcu.externaltools.gnu-tools-for-stm32.10.3-2021.10.win32_1.0.100.202210260954/tools/bin/../lib/gcc/arm-none-eabi/10.3.1/thumb/v7e-m+fp/hard\libgcc.a(_arm_addsubdf3.o)
                              ./Core/Usr/wt61pc.o (__aeabi_i2d)
c:/st/stm32cubeide_1.11.0/stm32cubeide/plugins/com.st.stm32cube.ide.mcu.externaltools.gnu-tools-for-stm32.10.3-2021.10.win32_1.0.100.202210260954/tools/bin/../lib/gcc/arm-none-eabi/10.3.1/thumb/v7e-m+fp/hard\libgcc.a(_arm_muldivdf3.o)
                              ./Core/Usr/wt61pc.o (__aeabi_ddiv)
c:/st/stm32cubeide_1.11.0/stm32cubeide/plugins/com.st.stm32cube.ide.mcu.externaltools.gnu-tools-for-stm32.10.3-2021.10.win32_1.0.100.202210260954/tools/bin/../lib/gcc/arm-none-eabi/10.3.1/thumb/v7e-m+fp/hard\libgcc.a(_arm_truncdfsf2.o)
                              ./Core/Usr/wt61pc.o (__aeabi_d2f)
c:/st/stm32cubeide_1.11.0/stm32cubeide/plugins/com.st.stm32cube.ide.mcu.externaltools.gnu-tools-for-stm32.10.3-2021.10.win32_1.0.100.202210260954/tools/bin/../lib/gcc/arm-none-eabi/10.3.1/thumb/v7e-m+fp/hard\libgcc.a(_aeabi_uldivmod.o)
                              ./Drivers/STM32F4xx_HAL_Driver/Src/stm32f4xx_hal_rcc.o (__aeabi_uldivmod)
c:/st/stm32cubeide_1.11.0/stm32cubeide/plugins/com.st.stm32cube.ide.mcu.externaltools.gnu-tools-for-stm32.10.3-2021.10.win32_1.0.100.202210260954/tools/bin/../lib/gcc/arm-none-eabi/10.3.1/thumb/v7e-m+fp/hard\libgcc.a(_udivmoddi4.o)
                              c:/st/stm32cubeide_1.11.0/stm32cubeide/plugins/com.st.stm32cube.ide.mcu.externaltools.gnu-tools-for-stm32.10.3-2021.10.win32_1.0.100.202210260954/tools/bin/../lib/gcc/arm-none-eabi/10.3.1/thumb/v7e-m+fp/hard\libgcc.a(_aeabi_uldivmod.o) (__udivmoddi4)
c:/st/stm32cubeide_1.11.0/stm32cubeide/plugins/com.st.stm32cube.ide.mcu.externaltools.gnu-tools-for-stm32.10.3-2021.10.win32_1.0.100.202210260954/tools/bin/../lib/gcc/arm-none-eabi/10.3.1/thumb/v7e-m+fp/hard\libgcc.a(_dvmd_tls.o)
[...]
Memory Configuration

Name             Origin             Length             Attributes
RAM              0x0000000020000000 0x0000000000020000 xrw
FLASH            0x0000000008000000 0x0000000000080000 xr
*default*        0x0000000000000000 0xffffffffffffffff

Linker script and memory map

LOAD c:/st/stm32cubeide_1.11.0/stm32cubeide/plugins/com.st.stm32cube.ide.mcu.externaltools.gnu-tools-for-stm32.10.3-2021.10.win32_1.0.100.202210260954/tools/bin/../lib/gcc/arm-none-eabi/10.3.1/thumb/v7e-m+fp/hard/crti.o
LOAD c:/st/stm32cubeide_1.11.0/stm32cubeide/plugins/com.st.stm32cube.ide.mcu.externaltools.gnu-tools-for-stm32.10.3-2021.10.win32_1.0.100.202210260954/tools/bin/../lib/gcc/arm-none-eabi/10.3.1/thumb/v7e-m+fp/hard/crtbegin.o
LOAD c:/st/stm32cubeide_1.11.0/stm32cubeide/plugins/com.st.stm32cube.ide.mcu.externaltools.gnu-tools-for-stm32.10.3-2021.10.win32_1.0.100.202210260954/tools/bin/../lib/gcc/arm-none-eabi/10.3.1/../../../../arm-none-eabi/lib/thumb/v7e-m+fp/hard/crt0.o
LOAD ./Core/Src/dma.o
LOAD ./Core/Src/gpio.o
LOAD ./Core/Src/main.o
LOAD ./Core/Src/stm32f4xx_hal_msp.o
LOAD ./Core/Src/stm32f4xx_it.o
LOAD ./Core/Src/syscalls.o
LOAD ./Core/Src/sysmem.o
LOAD ./Core/Src/system_stm32f4xx.o
LOAD ./Core/Src/usart.o
LOAD ./Core/Startup/startup_stm32f411ceux.o
LOAD ./Core/Usr/wt61pc.o
LOAD ./Drivers/STM32F4xx_HAL_Driver/Src/stm32f4xx_hal.o
LOAD ./Drivers/STM32F4xx_HAL_Driver/Src/stm32f4xx_hal_cortex.o
LOAD ./Drivers/STM32F4xx_HAL_Driver/Src/stm32f4xx_hal_dma.o
LOAD ./Drivers/STM32F4xx_HAL_Driver/Src/stm32f4xx_hal_dma_ex.o
LOAD ./Drivers/STM32F4xx_HAL_Driver/Src/stm32f4xx_hal_exti.o
LOAD ./Drivers/STM32F4xx_HAL_Driver/Src/stm32f4xx_hal_flash.o
LOAD ./Drivers/STM32F4xx_HAL_Driver/Src/stm32f4xx_hal_flash_ex.o
LOAD ./Drivers/STM32F4xx_HAL_Driver/Src/stm32f4xx_hal_flash_ramfunc.o
LOAD ./Drivers/STM32F4xx_HAL_Driver/Src/stm32f4xx_hal_gpio.o
LOAD ./Drivers/STM32F4xx_HAL_Driver/Src/stm32f4xx_hal_pwr.o
LOAD ./Drivers/STM32F4xx_HAL_Driver/Src/stm32f4xx_hal_pwr_ex.o
LOAD ./Drivers/STM32F4xx_HAL_Driver/Src/stm32f4xx_hal_rcc.o
LOAD ./Drivers/STM32F4xx_HAL_Driver/Src/stm32f4xx_hal_rcc_ex.o
LOAD ./Drivers/STM32F4xx_HAL_Driver/Src/stm32f4xx_hal_uart.o
START GROUP
LOAD c:/st/stm32cubeide_1.11.0/stm32cubeide/plugins/com.st.stm32cube.ide.mcu.externaltools.gnu-tools-for-stm32.10.3-2021.10.win32_1.0.100.202210260954/tools/bin/../lib/gcc/arm-none-eabi/10.3.1/../../../../arm-none-eabi/lib/thumb/v7e-m+fp/hard\libc_nano.a
LOAD c:/st/stm32cubeide_1.11.0/stm32cubeide/plugins/com.st.stm32cube.ide.mcu.externaltools.gnu-tools-for-stm32.10.3-2021.10.win32_1.0.100.202210260954/tools/bin/../lib/gcc/arm-none-eabi/10.3.1/../../../../arm-none-eabi/lib/thumb/v7e-m+fp/hard\libm.a
END GROUP
START GROUP
LOAD c:/st/stm32cubeide_1.11.0/stm32cubeide/plugins/com.st.stm32cube.ide.mcu.externaltools.gnu-tools-for-stm32.10.3-2021.10.win32_1.0.100.202210260954/tools/bin/../lib/gcc/arm-none-eabi/10.3.1/thumb/v7e-m+fp/hard\libgcc.a
LOAD c:/st/stm32cubeide_1.11.0/stm32cubeide/plugins/com.st.stm32cube.ide.mcu.externaltools.gnu-tools-for-stm32.10.3-2021.10.win32_1.0.100.202210260954/tools/bin/../lib/gcc/arm-none-eabi/10.3.1/../../../../arm-none-eabi/lib/thumb/v7e-m+fp/hard\libc_nano.a
END GROUP
START GROUP
LOAD c:/st/stm32cubeide_1.11.0/stm32cubeide/plugins/com.st.stm32cube.ide.mcu.externaltools.gnu-tools-for-stm32.10.3-2021.10.win32_1.0.100.202210260954/tools/bin/../lib/gcc/arm-none-eabi/10.3.1/thumb/v7e-m+fp/hard\libgcc.a
LOAD c:/st/stm32cubeide_1.11.0/stm32cubeide/plugins/com.st.stm32cube.ide.mcu.externaltools.gnu-tools-for-stm32.10.3-2021.10.win32_1.0.100.202210260954/tools/bin/../lib/gcc/arm-none-eabi/10.3.1/../../../../arm-none-eabi/lib/thumb/v7e-m+fp/hard\libc_nano.a
LOAD c:/st/stm32cubeide_1.11.0/stm32cubeide/plugins/com.st.stm32cube.ide.mcu.externaltools.gnu-tools-for-stm32.10.3-2021.10.win32_1.0.100.202210260954/tools/bin/../lib/gcc/arm-none-eabi/10.3.1/../../../../arm-none-eabi/lib/thumb/v7e-m+fp/hard\libnosys.a
END GROUP
START GROUP
LOAD c:/st/stm32cubeide_1.11.0/stm32cubeide/plugins/com.st.stm32cube.ide.mcu.externaltools.gnu-tools-for-stm32.10.3-2021.10.win32_1.0.100.202210260954/tools/bin/../lib/gcc/arm-none-eabi/10.3.1/thumb/v7e-m+fp/hard\libgcc.a
LOAD c:/st/stm32cubeide_1.11.0/stm32cubeide/plugins/com.st.stm32cube.ide.mcu.externaltools.gnu-tools-for-stm32.10.3-2021.10.win32_1.0.100.202210260954/tools/bin/../lib/gcc/arm-none-eabi/10.3.1/../../../../arm-none-eabi/lib/thumb/v7e-m+fp/hard\libc_nano.a
LOAD c:/st/stm32cubeide_1.11.0/stm32cubeide/plugins/com.st.stm32cube.ide.mcu.externaltools.gnu-tools-for-stm32.10.3-2021.10.win32_1.0.100.202210260954/tools/bin/../lib/gcc/arm-none-eabi/10.3.1/../../../../arm-none-eabi/lib/thumb/v7e-m+fp/hard\libnosys.a
END GROUP
LOAD c:/st/stm32cubeide_1.11.0/stm32cubeide/plugins/com.st.stm32cube.ide.mcu.externaltools.gnu-tools-for-stm32.10.3-2021.10.win32_1.0.100.202210260954/tools/bin/../lib/gcc/arm-none-eabi/10.3.1/thumb/v7e-m+fp/hard/crtend.o
LOAD c:/st/stm32cubeide_1.11.0/stm32cubeide/plugins/com.st.stm32cube.ide.mcu.externaltools.gnu-tools-for-stm32.10.3-2021.10.win32_1.0.100.202210260954/tools/bin/../lib/gcc/arm-none-eabi/10.3.1/thumb/v7e-m+fp/hard/crtn.o
                0x0000000020020000                _estack = (ORIGIN (RAM) + LENGTH (RAM))
                0x0000000000000200                _Min_Heap_Size = 0x200
                0x0000000000000400                _Min_Stack_Size = 0x400

.isr_vector     0x0000000008000000      0x198
                0x0000000008000000                . = ALIGN (0x4)
 *(.isr_vector)
 .isr_vector    0x0000000008000000      0x198 ./Core/Startup/startup_stm32f411ceux.o
                0x0000000008000000                g_pfnVectors
                0x0000000008000198                . = ALIGN (0x4)

.text           0x0000000008000198     0x498c
                0x0000000008000198                . = ALIGN (0x4)
 *(.text)
 .text          0x0000000008000198       0x40 c:/st/stm32cubeide_1.11.0/stm32cubeide/plugins/com.st.stm32cube.ide.mcu.externaltools.gnu-tools-for-stm32.10.3-2021.10.win32_1.0.100.202210260954/tools/bin/../lib/gcc/arm-none-eabi/10.3.1/thumb/v7e-m+fp/hard/crtbegin.o
 .text          0x00000000080001d8      0x378 c:/st/stm32cubeide_1.11.0/stm32cubeide/plugins/com.st.stm32cube.ide.mcu.externaltools.gnu-tools-for-stm32.10.3-2021.10.win32_1.0.100.202210260954/tools/bin/../lib/gcc/arm-none-eabi/10.3.1/thumb/v7e-m+fp/hard\libgcc.a(_arm_addsubdf3.o)
                0x00000000080001d8                __aeabi_drsub
                0x00000000080001e0                __aeabi_dsub
                0x00000000080001e0                __subdf3
                0x00000000080001e4                __aeabi_dadd
                0x00000000080001e4                __adddf3
                0x000000000800045c                __floatunsidf
                0x000000000800045c                __aeabi_ui2d
                0x000000000800047c                __floatsidf
                0x000000000800047c                __aeabi_i2d
                0x00000000080004a0                __aeabi_f2d
                0x00000000080004a0                __extendsfdf2
                0x00000000080004e4                __floatundidf
                0x00000000080004e4                __aeabi_ul2d
                0x00000000080004f4                __floatdidf
                0x00000000080004f4                __aeabi_l2d
 .text          0x0000000008000550      0x424 c:/st/stm32cubeide_1.11.0/stm32cubeide/plugins/com.st.stm32cube.ide.mcu.externaltools.gnu-tools-for-stm32.10.3-2021.10.win32_1.0.100.202210260954/tools/bin/../lib/gcc/arm-none-eabi/10.3.1/thumb/v7e-m+fp/hard\libgcc.a(_arm_muldivdf3.o)
                0x0000000008000550                __aeabi_dmul
                0x0000000008000550                __muldf3
                0x00000000080007a4                __divdf3
                0x00000000080007a4                __aeabi_ddiv
 .text          0x0000000008000974       0xa0 c:/st/stm32cubeide_1.11.0/stm32cubeide/plugins/com.st.stm32cube.ide.mcu.externaltools.gnu-tools-for-stm32.10.3-2021.10.win32_1.0.100.202210260954/tools/bin/../lib/gcc/arm-none-eabi/10.3.1/thumb/v7e-m+fp/hard\libgcc.a(_arm_truncdfsf2.o)
                0x0000000008000974                __truncdfsf2
                0x0000000008000974                __aeabi_d2f
 .text          0x0000000008000a14       0x30 c:/st/stm32cubeide_1.11.0/stm32cubeide/plugins/com.st.stm32cube.ide.mcu.externaltools.gnu-tools-for-stm32.10.3-2021.10.win32_1.0.100.202210260954/tools/bin/../lib/gcc/arm-none-eabi/10.3.1/thumb/v7e-m+fp/hard\libgcc.a(_aeabi_uldivmod.o)
                0x0000000008000a14                __aeabi_uldivmod
 .text          0x0000000008000a44      0x2d0 c:/st/stm32cubeide_1.11.0/stm32cubeide/plugins/com.st.stm32cube.ide.mcu.externaltools.gnu-tools-for-stm32.10.3-2021.10.win32_1.0.100.202210260954/tools/bin/../lib/gcc/arm-none-eabi/10.3.1/thumb/v7e-m+fp/hard\libgcc.a(_udivmoddi4.o)
                0x0000000008000a44                __udivmoddi4
 .text          0x0000000008000d14        0x4 c:/st/stm32cubeide_1.11.0/stm32cubeide/plugins/com.st.stm32cube.ide.mcu.externaltools.gnu-tools-for-stm32.10.3-2021.10.win32_1.0.100.202210260954/tools/bin/../lib/gcc/arm-none-eabi/10.3.1/thumb/v7e-m+fp/hard\libgcc.a(_dvmd_tls.o)
                0x0000000008000d14                __aeabi_idiv0
                0x0000000008000d14                __aeabi_ldiv0
 *(.text*)
 .text.MX_DMA_Init
                0x0000000008000d18       0x50 ./Core/Src/dma.o
                0x0000000008000d18                MX_DMA_Init
 .text.MX_GPIO_Init
                0x0000000008000d68       0x50 ./Core/Src/gpio.o
                0x0000000008000d68                MX_GPIO_Init
 .text.main     0x0000000008000db8       0x30 ./Core/Src/main.o
                0x0000000008000db8                main
 .text.SystemClock_Config
                0x0000000008000de8       0xd0 ./Core/Src/main.o
                0x0000000008000de8                SystemClock_Config
 .text.HAL_UART_RxCpltCallback
                0x0000000008000eb8       0x16 ./Core/Src/main.o
                0x0000000008000eb8                HAL_UART_RxCpltCallback
 .text.Error_Handler
                0x0000000008000ece        0xa ./Core/Src/main.o
                0x0000000008000ece                Error_Handler
 .text.HAL_MspInit
                0x0000000008000ed8       0x50 ./Core/Src/stm32f4xx_hal_msp.o
                0x0000000008000ed8                HAL_MspInit
 .text.NMI_Handler
                0x0000000008000f28        0x6 ./Core/Src/stm32f4xx_it.o
                0x0000000008000f28                NMI_Handler
 .text.HardFault_Handler
                0x0000000008000f2e        0x6 ./Core/Src/stm32f4xx_it.o
                0x0000000008000f2e                HardFault_Handler
 .text.MemManage_Handler
                0x0000000008000f34        0x6 ./Core/Src/stm32f4xx_it.o
                0x0000000008000f34                MemManage_Handler
 .text.BusFault_Handler
                0x0000000008000f3a        0x6 ./Core/Src/stm32f4xx_it.o
                0x0000000008000f3a                BusFault_Handler
 .text.UsageFault_Handler
                0x0000000008000f40        0x6 ./Core/Src/stm32f4xx_it.o
                0x0000000008000f40                UsageFault_Handler
 .text.SVC_Handler
                0x0000000008000f46        0xe ./Core/Src/stm32f4xx_it.o
                0x0000000008000f46                SVC_Handler
 .text.DebugMon_Handler
                0x0000000008000f54        0xe ./Core/Src/stm32f4xx_it.o
                0x0000000008000f54                DebugMon_Handler
 .text.PendSV_Handler
                0x0000000008000f62        0xe ./Core/Src/stm32f4xx_it.o
                0x0000000008000f62                PendSV_Handler
 .text.SysTick_Handler
                0x0000000008000f70        0xc ./Core/Src/stm32f4xx_it.o
                0x0000000008000f70                SysTick_Handler
 .text.USART1_IRQHandler
                0x0000000008000f7c       0x14 ./Core/Src/stm32f4xx_it.o
                0x0000000008000f7c                USART1_IRQHandler
 .text.DMA2_Stream2_IRQHandler
                0x0000000008000f90       0x14 ./Core/Src/stm32f4xx_it.o
                0x0000000008000f90                DMA2_Stream2_IRQHandler
 .text.DMA2_Stream7_IRQHandler
                0x0000000008000fa4       0x14 ./Core/Src/stm32f4xx_it.o
                0x0000000008000fa4                DMA2_Stream7_IRQHandler
 .text.SystemInit
                0x0000000008000fb8       0x24 ./Core/Src/system_stm32f4xx.o
                0x0000000008000fb8                SystemInit
 .text.MX_USART1_UART_Init
                0x0000000008000fdc       0x54 ./Core/Src/usart.o
                0x0000000008000fdc                MX_USART1_UART_Init
 .text.HAL_UART_MspInit
                0x0000000008001030      0x16c ./Core/Src/usart.o
                0x0000000008001030                HAL_UART_MspInit
 .text.HAL_UART_MspDeInit
                0x000000000800119c       0x58 ./Core/Src/usart.o
                0x000000000800119c                HAL_UART_MspDeInit
 .text.Reset_Handler
                0x00000000080011f4       0x50 ./Core/Startup/startup_stm32f411ceux.o
                0x00000000080011f4                Reset_Handler
 .text.Default_Handler
                0x0000000008001244        0x2 ./Core/Startup/startup_stm32f411ceux.o
                0x0000000008001244                RTC_Alarm_IRQHandler
                0x0000000008001244                EXTI2_IRQHandler
                0x0000000008001244                SPI4_IRQHandler
                0x0000000008001244                TIM1_CC_IRQHandler
                0x0000000008001244                DMA2_Stream5_IRQHandler
                0x0000000008001244                DMA1_Stream5_IRQHandler
                0x0000000008001244                PVD_IRQHandler
                0x0000000008001244                SDIO_IRQHandler
                0x0000000008001244                TAMP_STAMP_IRQHandler
                0x0000000008001244                EXTI3_IRQHandler
                0x0000000008001244                TIM1_UP_TIM10_IRQHandler
                0x0000000008001244                I2C3_ER_IRQHandler
                0x0000000008001244                EXTI0_IRQHandler
                0x0000000008001244                I2C2_EV_IRQHandler
                0x0000000008001244                DMA1_Stream2_IRQHandler
                0x0000000008001244                FPU_IRQHandler
                0x0000000008001244                SPI1_IRQHandler
                0x0000000008001244                TIM1_BRK_TIM9_IRQHandler
                0x0000000008001244                DMA2_Stream3_IRQHandler
                0x0000000008001244                USART6_IRQHandler
                0x0000000008001244                DMA2_Stream0_IRQHandler
                0x0000000008001244                TIM4_IRQHandler
                0x0000000008001244                I2C1_EV_IRQHandler
                0x0000000008001244                DMA1_Stream6_IRQHandler
                0x0000000008001244                DMA1_Stream1_IRQHandler
                0x0000000008001244                TIM3_IRQHandler
                0x0000000008001244                RCC_IRQHandler
                0x0000000008001244                Default_Handler
                0x0000000008001244                EXTI15_10_IRQHandler
                0x0000000008001244                ADC_IRQHandler
                0x0000000008001244                DMA1_Stream7_IRQHandler
                0x0000000008001244                SPI5_IRQHandler
                0x0000000008001244                TIM5_IRQHandler
                0x0000000008001244                I2C3_EV_IRQHandler
                0x0000000008001244                EXTI9_5_IRQHandler
                0x0000000008001244                RTC_WKUP_IRQHandler
                0x0000000008001244                SPI2_IRQHandler
                0x0000000008001244                DMA1_Stream0_IRQHandler
                0x0000000008001244                EXTI4_IRQHandler
                0x0000000008001244                WWDG_IRQHandler
                0x0000000008001244                TIM2_IRQHandler
                0x0000000008001244                OTG_FS_WKUP_IRQHandler
                0x0000000008001244                TIM1_TRG_COM_TIM11_IRQHandler
                0x0000000008001244                EXTI1_IRQHandler
                0x0000000008001244                USART2_IRQHandler
                0x0000000008001244                I2C2_ER_IRQHandler
                0x0000000008001244                DMA2_Stream1_IRQHandler
                0x0000000008001244                FLASH_IRQHandler
                0x0000000008001244                DMA2_Stream4_IRQHandler
                0x0000000008001244                OTG_FS_IRQHandler
                0x0000000008001244                SPI3_IRQHandler
                0x0000000008001244                DMA1_Stream4_IRQHandler
                0x0000000008001244                I2C1_ER_IRQHandler
                0x0000000008001244                DMA2_Stream6_IRQHandler
                0x0000000008001244                DMA1_Stream3_IRQHandler
 *fill*         0x0000000008001246        0x2 
 .text.WT61PC_init
                0x0000000008001248       0x28 ./Core/Usr/wt61pc.o
                0x0000000008001248                WT61PC_init
 .text.WT61PC_rx_callback
                0x0000000008001270      0x4b4 ./Core/Usr/wt61pc.o
                0x0000000008001270                WT61PC_rx_callback
 .text.WT61PC_rx_restart
                0x0000000008001724       0x5c ./Core/Usr/wt61pc.o
                0x0000000008001724                WT61PC_rx_restart
 .text.WT61PC_checksum_calc
                0x0000000008001780       0x40 ./Core/Usr/wt61pc.o
 .text.to_i16   0x00000000080017c0       0x2e ./Core/Usr/wt61pc.o
 *fill*         0x00000000080017ee        0x2 
 .text.WT61PC_tx_routine
                0x00000000080017f0       0x90 ./Core/Usr/wt61pc.o
                0x00000000080017f0                WT61PC_tx_routine
 .text.WIT_save
                0x0000000008001880       0x4c ./Core/Usr/wt61pc.o
                0x0000000008001880                WIT_save
 .text.WIT_calibrate
                0x00000000080018cc       0x4c ./Core/Usr/wt61pc.o
                0x00000000080018cc                WIT_calibrate
 .text.WIT_set_output_content
                0x0000000008001918       0x4c ./Core/Usr/wt61pc.o
                0x0000000008001918                WIT_set_output_content
 .text.WIT_set_output_rate
                0x0000000008001964       0x4c ./Core/Usr/wt61pc.o
                0x0000000008001964                WIT_set_output_rate
 .text.WIT_set_baud_rate
                0x00000000080019b0       0x4c ./Core/Usr/wt61pc.o
                0x00000000080019b0                WIT_set_baud_rate
 .text.UART_change_baud_rate
                0x00000000080019fc       0x4c ./Core/Usr/wt61pc.o
                0x00000000080019fc                UART_change_baud_rate
 .text.WIT_TestFunction
                0x0000000008001a48       0xa8 ./Core/Usr/wt61pc.o
                0x0000000008001a48                WIT_TestFunction
 .text.HAL_Init
                0x0000000008001af0       0x44 ./Drivers/STM32F4xx_HAL_Driver/Src/stm32f4xx_hal.o
                0x0000000008001af0                HAL_Init
 .text.HAL_InitTick
                0x0000000008001b34       0x60 ./Drivers/STM32F4xx_HAL_Driver/Src/stm32f4xx_hal.o
                0x0000000008001b34                HAL_InitTick
 .text.HAL_IncTick
                0x0000000008001b94       0x28 ./Drivers/STM32F4xx_HAL_Driver/Src/stm32f4xx_hal.o
                0x0000000008001b94                HAL_IncTick
 .text.HAL_GetTick
                0x0000000008001bbc       0x18 ./Drivers/STM32F4xx_HAL_Driver/Src/stm32f4xx_hal.o
                0x0000000008001bbc                HAL_GetTick
 .text.__NVIC_SetPriorityGrouping
                0x0000000008001bd4       0x48 ./Drivers/STM32F4xx_HAL_Driver/Src/stm32f4xx_hal_cortex.o
 .text.__NVIC_GetPriorityGrouping
                0x0000000008001c1c       0x1c ./Drivers/STM32F4xx_HAL_Driver/Src/stm32f4xx_hal_cortex.o
 .text.__NVIC_EnableIRQ
                0x0000000008001c38       0x3c ./Drivers/STM32F4xx_HAL_Driver/Src/stm32f4xx_hal_cortex.o
 .text.__NVIC_DisableIRQ
                0x0000000008001c74       0x48 ./Drivers/STM32F4xx_HAL_Driver/Src/stm32f4xx_hal_cortex.o
 .text.__NVIC_SetPriority
                0x0000000008001cbc       0x54 ./Drivers/STM32F4xx_HAL_Driver/Src/stm32f4xx_hal_cortex.o
 .text.NVIC_EncodePriority
                0x0000000008001d10       0x66 ./Drivers/STM32F4xx_HAL_Driver/Src/stm32f4xx_hal_cortex.o
 *fill*         0x0000000008001d76        0x2 
 .text.SysTick_Config
                0x0000000008001d78       0x44 ./Drivers/STM32F4xx_HAL_Driver/Src/stm32f4xx_hal_cortex.o
 .text.HAL_NVIC_SetPriorityGrouping
                0x0000000008001dbc       0x16 ./Drivers/STM32F4xx_HAL_Driver/Src/stm32f4xx_hal_cortex.o
                0x0000000008001dbc                HAL_NVIC_SetPriorityGrouping
 .text.HAL_NVIC_SetPriority
                0x0000000008001dd2       0x38 ./Drivers/STM32F4xx_HAL_Driver/Src/stm32f4xx_hal_cortex.o
                0x0000000008001dd2                HAL_NVIC_SetPriority
 .text.HAL_NVIC_EnableIRQ
                0x0000000008001e0a       0x1c ./Drivers/STM32F4xx_HAL_Driver/Src/stm32f4xx_hal_cortex.o
                0x0000000008001e0a                HAL_NVIC_EnableIRQ
 .text.HAL_NVIC_DisableIRQ
                0x0000000008001e26       0x1c ./Drivers/STM32F4xx_HAL_Driver/Src/stm32f4xx_hal_cortex.o
                0x0000000008001e26                HAL_NVIC_DisableIRQ
 .text.HAL_SYSTICK_Config
                0x0000000008001e42       0x18 ./Drivers/STM32F4xx_HAL_Driver/Src/stm32f4xx_hal_cortex.o
                0x0000000008001e42                HAL_SYSTICK_Config
 *fill*         0x0000000008001e5a        0x2 
 .text.HAL_DMA_Init
                0x0000000008001e5c      0x15c ./Drivers/STM32F4xx_HAL_Driver/Src/stm32f4xx_hal_dma.o
                0x0000000008001e5c                HAL_DMA_Init
 .text.HAL_DMA_DeInit
                0x0000000008001fb8       0xbc ./Drivers/STM32F4xx_HAL_Driver/Src/stm32f4xx_hal_dma.o
                0x0000000008001fb8                HAL_DMA_DeInit
 .text.HAL_DMA_Start_IT
                0x0000000008002074       0xb0 ./Drivers/STM32F4xx_HAL_Driver/Src/stm32f4xx_hal_dma.o
                0x0000000008002074                HAL_DMA_Start_IT
 .text.HAL_DMA_Abort
                0x0000000008002124       0xe0 ./Drivers/STM32F4xx_HAL_Driver/Src/stm32f4xx_hal_dma.o
                0x0000000008002124                HAL_DMA_Abort
 .text.HAL_DMA_Abort_IT
                0x0000000008002204       0x44 ./Drivers/STM32F4xx_HAL_Driver/Src/stm32f4xx_hal_dma.o
                0x0000000008002204                HAL_DMA_Abort_IT
 .text.HAL_DMA_IRQHandler
                0x0000000008002248      0x314 ./Drivers/STM32F4xx_HAL_Driver/Src/stm32f4xx_hal_dma.o
                0x0000000008002248                HAL_DMA_IRQHandler
 .text.HAL_DMA_GetError
                0x000000000800255c       0x18 ./Drivers/STM32F4xx_HAL_Driver/Src/stm32f4xx_hal_dma.o
                0x000000000800255c                HAL_DMA_GetError
 .text.DMA_SetConfig
                0x0000000008002574       0x5c ./Drivers/STM32F4xx_HAL_Driver/Src/stm32f4xx_hal_dma.o
 .text.DMA_CalcBaseAndBitshift
                0x00000000080025d0       0x6c ./Drivers/STM32F4xx_HAL_Driver/Src/stm32f4xx_hal_dma.o
 .text.DMA_CheckFifoParam
                0x000000000800263c       0xf8 ./Drivers/STM32F4xx_HAL_Driver/Src/stm32f4xx_hal_dma.o
 .text.HAL_GPIO_Init
                0x0000000008002734      0x308 ./Drivers/STM32F4xx_HAL_Driver/Src/stm32f4xx_hal_gpio.o
                0x0000000008002734                HAL_GPIO_Init
 .text.HAL_GPIO_DeInit
                0x0000000008002a3c      0x1c8 ./Drivers/STM32F4xx_HAL_Driver/Src/stm32f4xx_hal_gpio.o
                0x0000000008002a3c                HAL_GPIO_DeInit
 .text.HAL_RCC_OscConfig
                0x0000000008002c04      0x4f0 ./Drivers/STM32F4xx_HAL_Driver/Src/stm32f4xx_hal_rcc.o
                0x0000000008002c04                HAL_RCC_OscConfig
 .text.HAL_RCC_ClockConfig
                0x00000000080030f4      0x1cc ./Drivers/STM32F4xx_HAL_Driver/Src/stm32f4xx_hal_rcc.o
                0x00000000080030f4                HAL_RCC_ClockConfig
 .text.HAL_RCC_GetSysClockFreq
                0x00000000080032c0      0x18c ./Drivers/STM32F4xx_HAL_Driver/Src/stm32f4xx_hal_rcc.o
                0x00000000080032c0                HAL_RCC_GetSysClockFreq
 .text.HAL_RCC_GetHCLKFreq
                0x000000000800344c       0x18 ./Drivers/STM32F4xx_HAL_Driver/Src/stm32f4xx_hal_rcc.o
                0x000000000800344c                HAL_RCC_GetHCLKFreq
 .text.HAL_RCC_GetPCLK1Freq
                0x0000000008003464       0x28 ./Drivers/STM32F4xx_HAL_Driver/Src/stm32f4xx_hal_rcc.o
                0x0000000008003464                HAL_RCC_GetPCLK1Freq
 .text.HAL_RCC_GetPCLK2Freq
                0x000000000800348c       0x28 ./Drivers/STM32F4xx_HAL_Driver/Src/stm32f4xx_hal_rcc.o
                0x000000000800348c                HAL_RCC_GetPCLK2Freq
 .text.HAL_UART_Init
                0x00000000080034b4       0x9a ./Drivers/STM32F4xx_HAL_Driver/Src/stm32f4xx_hal_uart.o
                0x00000000080034b4                HAL_UART_Init
 .text.HAL_UART_DeInit
                0x000000000800354e       0x5e ./Drivers/STM32F4xx_HAL_Driver/Src/stm32f4xx_hal_uart.o
                0x000000000800354e                HAL_UART_DeInit
 .text.HAL_UART_Transmit_DMA
                0x00000000080035ac       0xfc ./Drivers/STM32F4xx_HAL_Driver/Src/stm32f4xx_hal_uart.o
                0x00000000080035ac                HAL_UART_Transmit_DMA
 .text.HAL_UART_Receive_DMA
                0x00000000080036a8       0x60 ./Drivers/STM32F4xx_HAL_Driver/Src/stm32f4xx_hal_uart.o
                0x00000000080036a8                HAL_UART_Receive_DMA
 .text.HAL_UART_Abort
                0x0000000008003708      0x1d6 ./Drivers/STM32F4xx_HAL_Driver/Src/stm32f4xx_hal_uart.o
                0x0000000008003708                HAL_UART_Abort
 *fill*         0x00000000080038de        0x2 
 .text.HAL_UART_IRQHandler
                0x00000000080038e0      0x51c ./Drivers/STM32F4xx_HAL_Driver/Src/stm32f4xx_hal_uart.o
                0x00000000080038e0                HAL_UART_IRQHandler
 .text.HAL_UART_TxCpltCallback
                0x0000000008003dfc       0x14 ./Drivers/STM32F4xx_HAL_Driver/Src/stm32f4xx_hal_uart.o
                0x0000000008003dfc                HAL_UART_TxCpltCallback
 .text.HAL_UART_TxHalfCpltCallback
                0x0000000008003e10       0x14 ./Drivers/STM32F4xx_HAL_Driver/Src/stm32f4xx_hal_uart.o
                0x0000000008003e10                HAL_UART_TxHalfCpltCallback
 .text.HAL_UART_RxHalfCpltCallback
                0x0000000008003e24       0x14 ./Drivers/STM32F4xx_HAL_Driver/Src/stm32f4xx_hal_uart.o
                0x0000000008003e24                HAL_UART_RxHalfCpltCallback
 .text.HAL_UART_ErrorCallback
                0x0000000008003e38       0x14 ./Drivers/STM32F4xx_HAL_Driver/Src/stm32f4xx_hal_uart.o
                0x0000000008003e38                HAL_UART_ErrorCallback
 .text.HAL_UARTEx_RxEventCallback
                0x0000000008003e4c       0x18 ./Drivers/STM32F4xx_HAL_Driver/Src/stm32f4xx_hal_uart.o
                0x0000000008003e4c                HAL_UARTEx_RxEventCallback
 .text.UART_DMATransmitCplt
                0x0000000008003e64       0x9a ./Drivers/STM32F4xx_HAL_Driver/Src/stm32f4xx_hal_uart.o
 .text.UART_DMATxHalfCplt
                0x0000000008003efe       0x1c ./Drivers/STM32F4xx_HAL_Driver/Src/stm32f4xx_hal_uart.o
 .text.UART_DMAReceiveCplt
                0x0000000008003f1a      0x126 ./Drivers/STM32F4xx_HAL_Driver/Src/stm32f4xx_hal_uart.o
 .text.UART_DMARxHalfCplt
                0x0000000008004040       0x36 ./Drivers/STM32F4xx_HAL_Driver/Src/stm32f4xx_hal_uart.o
 .text.UART_DMAError
                0x0000000008004076       0x94 ./Drivers/STM32F4xx_HAL_Driver/Src/stm32f4xx_hal_uart.o
 *fill*         0x000000000800410a        0x2 
 .text.UART_Start_Receive_DMA
                0x000000000800410c      0x13c ./Drivers/STM32F4xx_HAL_Driver/Src/stm32f4xx_hal_uart.o
                0x000000000800410c                UART_Start_Receive_DMA
 .text.UART_EndTxTransfer
                0x0000000008004248       0x50 ./Drivers/STM32F4xx_HAL_Driver/Src/stm32f4xx_hal_uart.o
 .text.UART_EndRxTransfer
                0x0000000008004298       0xc6 ./Drivers/STM32F4xx_HAL_Driver/Src/stm32f4xx_hal_uart.o
 .text.UART_DMAAbortOnError
                0x000000000800435e       0x28 ./Drivers/STM32F4xx_HAL_Driver/Src/stm32f4xx_hal_uart.o
 .text.UART_Transmit_IT
                0x0000000008004386       0xa0 ./Drivers/STM32F4xx_HAL_Driver/Src/stm32f4xx_hal_uart.o
 .text.UART_EndTransmit_IT
                0x0000000008004426       0x30 ./Drivers/STM32F4xx_HAL_Driver/Src/stm32f4xx_hal_uart.o
 .text.UART_Receive_IT
                0x0000000008004456      0x176 ./Drivers/STM32F4xx_HAL_Driver/Src/stm32f4xx_hal_uart.o
 .text.UART_SetConfig
                0x00000000080045cc      0x4e8 ./Drivers/STM32F4xx_HAL_Driver/Src/stm32f4xx_hal_uart.o
 .text.__libc_init_array
                0x0000000008004ab4       0x48 c:/st/stm32cubeide_1.11.0/stm32cubeide/plugins/com.st.stm32cube.ide.mcu.externaltools.gnu-tools-for-stm32.10.3-2021.10.win32_1.0.100.202210260954/tools/bin/../lib/gcc/arm-none-eabi/10.3.1/../../../../arm-none-eabi/lib/thumb/v7e-m+fp/hard\libc_nano.a(lib_a-init.o)
                0x0000000008004ab4                __libc_init_array
 .text.memset   0x0000000008004afc       0x10 c:/st/stm32cubeide_1.11.0/stm32cubeide/plugins/com.st.stm32cube.ide.mcu.externaltools.gnu-tools-for-stm32.10.3-2021.10.win32_1.0.100.202210260954/tools/bin/../lib/gcc/arm-none-eabi/10.3.1/../../../../arm-none-eabi/lib/thumb/v7e-m+fp/hard\libc_nano.a(lib_a-memset.o)
                0x0000000008004afc                memset
 *(.glue_7)
 .glue_7        0x0000000008004b0c        0x0 linker stubs
 *(.glue_7t)
 .glue_7t       0x0000000008004b0c        0x0 linker stubs
 *(.eh_frame)
 .eh_frame      0x0000000008004b0c        0x0 c:/st/stm32cubeide_1.11.0/stm32cubeide/plugins/com.st.stm32cube.ide.mcu.externaltools.gnu-tools-for-stm32.10.3-2021.10.win32_1.0.100.202210260954/tools/bin/../lib/gcc/arm-none-eabi/10.3.1/thumb/v7e-m+fp/hard/crtbegin.o
 *(.init)
 .init          0x0000000008004b0c        0x4 c:/st/stm32cubeide_1.11.0/stm32cubeide/plugins/com.st.stm32cube.ide.mcu.externaltools.gnu-tools-for-stm32.10.3-2021.10.win32_1.0.100.202210260954/tools/bin/../lib/gcc/arm-none-eabi/10.3.1/thumb/v7e-m+fp/hard/crti.o
                0x0000000008004b0c                _init
 .init          0x0000000008004b10        0x8 c:/st/stm32cubeide_1.11.0/stm32cubeide/plugins/com.st.stm32cube.ide.mcu.externaltools.gnu-tools-for-stm32.10.3-2021.10.win32_1.0.100.202210260954/tools/bin/../lib/gcc/arm-none-eabi/10.3.1/thumb/v7e-m+fp/hard/crtn.o
 *(.fini)
 .fini          0x0000000008004b18        0x4 c:/st/stm32cubeide_1.11.0/stm32cubeide/plugins/com.st.stm32cube.ide.mcu.externaltools.gnu-tools-for-stm32.10.3-2021.10.win32_1.0.100.202210260954/tools/bin/../lib/gcc/arm-none-eabi/10.3.1/thumb/v7e-m+fp/hard/crti.o
                0x0000000008004b18                _fini
 .fini          0x0000000008004b1c        0x8 c:/st/stm32cubeide_1.11.0/stm32cubeide/plugins/com.st.stm32cube.ide.mcu.externaltools.gnu-tools-for-stm32.10.3-2021.10.win32_1.0.100.202210260954/tools/bin/../lib/gcc/arm-none-eabi/10.3.1/thumb/v7e-m+fp/hard/crtn.o
                0x0000000008004b24                . = ALIGN (0x4)
                0x0000000008004b24                _etext = .

.vfp11_veneer   0x0000000008004b24        0x0
 .vfp11_veneer  0x0000000008004b24        0x0 linker stubs

.v4_bx          0x0000000008004b24        0x0
 .v4_bx         0x0000000008004b24        0x0 linker stubs

.iplt           0x0000000008004b24        0x0
 .iplt          0x0000000008004b24        0x0 c:/st/stm32cubeide_1.11.0/stm32cubeide/plugins/com.st.stm32cube.ide.mcu.externaltools.gnu-tools-for-stm32.10.3-2021.10.win32_1.0.100.202210260954/tools/bin/../lib/gcc/arm-none-eabi/10.3.1/thumb/v7e-m+fp/hard/crtbegin.o

.rodata         0x0000000008004b24       0x20
                0x0000000008004b24                . = ALIGN (0x4)
 *(.rodata)
 *(.rodata*)
 .rodata.AHBPrescTable
                0x0000000008004b24       0x10 ./Core/Src/system_stm32f4xx.o
                0x0000000008004b24                AHBPrescTable
 .rodata.APBPrescTable
                0x0000000008004b34        0x8 ./Core/Src/system_stm32f4xx.o
                0x0000000008004b34                APBPrescTable
 .rodata.flagBitshiftOffset.0
                0x0000000008004b3c        0x8 ./Drivers/STM32F4xx_HAL_Driver/Src/stm32f4xx_hal_dma.o
                0x0000000008004b44                . = ALIGN (0x4)

.ARM.extab      0x0000000008004b44        0x0
                0x0000000008004b44                . = ALIGN (0x4)
 *(.ARM.extab* .gnu.linkonce.armextab.*)
                0x0000000008004b44                . = ALIGN (0x4)

.ARM            0x0000000008004b44        0x8
                0x0000000008004b44                . = ALIGN (0x4)
                0x0000000008004b44                __exidx_start = .
 *(.ARM.exidx*)
 .ARM.exidx     0x0000000008004b44        0x8 c:/st/stm32cubeide_1.11.0/stm32cubeide/plugins/com.st.stm32cube.ide.mcu.externaltools.gnu-tools-for-stm32.10.3-2021.10.win32_1.0.100.202210260954/tools/bin/../lib/gcc/arm-none-eabi/10.3.1/thumb/v7e-m+fp/hard\libgcc.a(_udivmoddi4.o)
                0x0000000008004b4c                __exidx_end = .
                0x0000000008004b4c                . = ALIGN (0x4)

.rel.dyn        0x0000000008004b4c        0x0
 .rel.iplt      0x0000000008004b4c        0x0 c:/st/stm32cubeide_1.11.0/stm32cubeide/plugins/com.st.stm32cube.ide.mcu.externaltools.gnu-tools-for-stm32.10.3-2021.10.win32_1.0.100.202210260954/tools/bin/../lib/gcc/arm-none-eabi/10.3.1/thumb/v7e-m+fp/hard/crtbegin.o

.preinit_array  0x0000000008004b4c        0x0
                0x0000000008004b4c                . = ALIGN (0x4)
                0x0000000008004b4c                PROVIDE (__preinit_array_start = .)
 *(.preinit_array*)
                0x0000000008004b4c                PROVIDE (__preinit_array_end = .)
                0x0000000008004b4c                . = ALIGN (0x4)

.init_array     0x0000000008004b4c        0x4
                0x0000000008004b4c                . = ALIGN (0x4)
                0x0000000008004b4c                PROVIDE (__init_array_start = .)
 *(SORT_BY_NAME(.init_array.*))
 *(.init_array*)
 .init_array    0x0000000008004b4c        0x4 c:/st/stm32cubeide_1.11.0/stm32cubeide/plugins/com.st.stm32cube.ide.mcu.externaltools.gnu-tools-for-stm32.10.3-2021.10.win32_1.0.100.202210260954/tools/bin/../lib/gcc/arm-none-eabi/10.3.1/thumb/v7e-m+fp/hard/crtbegin.o
                0x0000000008004b50                PROVIDE (__init_array_end = .)
                0x0000000008004b50                . = ALIGN (0x4)

.fini_array     0x0000000008004b50        0x4
                0x0000000008004b50                . = ALIGN (0x4)
                [!provide]                        PROVIDE (__fini_array_start = .)
 *(SORT_BY_NAME(.fini_array.*))
 *(.fini_array*)
 .fini_array    0x0000000008004b50        0x4 c:/st/stm32cubeide_1.11.0/stm32cubeide/plugins/com.st.stm32cube.ide.mcu.externaltools.gnu-tools-for-stm32.10.3-2021.10.win32_1.0.100.202210260954/tools/bin/../lib/gcc/arm-none-eabi/10.3.1/thumb/v7e-m+fp/hard/crtbegin.o
                [!provide]                        PROVIDE (__fini_array_end = .)
                0x0000000008004b54                . = ALIGN (0x4)
                0x0000000008004b54                _sidata = LOADADDR (.data)

.data           0x0000000020000000       0x14 load address 0x0000000008004b54
                0x0000000020000000                . = ALIGN (0x4)
                0x0000000020000000                _sdata = .
 *(.data)
 *(.data*)
 .data.SystemCoreClock
                0x0000000020000000        0x4 ./Core/Src/system_stm32f4xx.o
                0x0000000020000000                SystemCoreClock
 .data.frame_unlock
                0x0000000020000004        0x5 ./Core/Usr/wt61pc.o
                0x0000000020000004                frame_unlock
 *fill*         0x0000000020000009        0x3 
 .data.uwTickPrio
                0x000000002000000c        0x4 ./Drivers/STM32F4xx_HAL_Driver/Src/stm32f4xx_hal.o
                0x000000002000000c                uwTickPrio
 .data.uwTickFreq
                0x0000000020000010        0x1 ./Drivers/STM32F4xx_HAL_Driver/Src/stm32f4xx_hal.o
                0x0000000020000010                uwTickFreq
 *(.RamFunc)
 *(.RamFunc*)
                0x0000000020000014                . = ALIGN (0x4)
 *fill*         0x0000000020000011        0x3 
                0x0000000020000014                _edata = .

.igot.plt       0x0000000020000014        0x0 load address 0x0000000008004b68
 .igot.plt      0x0000000020000014        0x0 c:/st/stm32cubeide_1.11.0/stm32cubeide/plugins/com.st.stm32cube.ide.mcu.externaltools.gnu-tools-for-stm32.10.3-2021.10.win32_1.0.100.202210260954/tools/bin/../lib/gcc/arm-none-eabi/10.3.1/thumb/v7e-m+fp/hard/crtbegin.o
                0x0000000020000014                . = ALIGN (0x4)

.bss            0x0000000020000014      0x1bc load address 0x0000000008004b68
                0x0000000020000014                _sbss = .
                0x0000000020000014                __bss_start__ = _sbss
 *(.bss)
 .bss           0x0000000020000014       0x1c c:/st/stm32cubeide_1.11.0/stm32cubeide/plugins/com.st.stm32cube.ide.mcu.externaltools.gnu-tools-for-stm32.10.3-2021.10.win32_1.0.100.202210260954/tools/bin/../lib/gcc/arm-none-eabi/10.3.1/thumb/v7e-m+fp/hard/crtbegin.o
 *(.bss*)
 .bss.huart1    0x0000000020000030       0x44 ./Core/Src/usart.o
                0x0000000020000030                huart1
 .bss.hdma_usart1_rx
                0x0000000020000074       0x60 ./Core/Src/usart.o
                0x0000000020000074                hdma_usart1_rx
 .bss.hdma_usart1_tx
                0x00000000200000d4       0x60 ./Core/Src/usart.o
                0x00000000200000d4                hdma_usart1_tx
 .bss.imu       0x0000000020000134       0x58 ./Core/Usr/wt61pc.o
                0x0000000020000134                imu
 .bss.tx        0x000000002000018c       0x18 ./Core/Usr/wt61pc.o
 .bss.test      0x00000000200001a4       0x20 ./Core/Usr/wt61pc.o
                0x00000000200001a4                test
 .bss.prev_tick.1
                0x00000000200001c4        0x4 ./Core/Usr/wt61pc.o
 .bss.last_restart.0
                0x00000000200001c8        0x4 ./Core/Usr/wt61pc.o
 .bss.uwTick    0x00000000200001cc        0x4 ./Drivers/STM32F4xx_HAL_Driver/Src/stm32f4xx_hal.o
                0x00000000200001cc                uwTick
 *(COMMON)
                0x00000000200001d0                . = ALIGN (0x4)
                0x00000000200001d0                _ebss = .
                0x00000000200001d0                __bss_end__ = _ebss

._user_heap_stack
                0x00000000200001d0      0x600 load address 0x0000000008004b68
                0x00000000200001d0                . = ALIGN (0x8)
                [!provide]                        PROVIDE (end = .)
                0x00000000200001d0                PROVIDE (_end = .)
                0x00000000200003d0                . = (. + _Min_Heap_Size)
 *fill*         0x00000000200001d0      0x200 
                0x00000000200007d0                . = (. + _Min_Stack_Size)
 *fill*         0x00000000200003d0      0x400 
                0x00000000200007d0                . = ALIGN (0x8)

/DISCARD/
 libc.a(*)
 libm.a(*)
 libgcc.a(*)

.ARM.attributes
                0x0000000000000000       0x30
 *(.ARM.attributes)
 .ARM.attributes
                0x0000000000000000       0x1e c:/st/stm32cubeide_1.11.0/stm32cubeide/plugins/com.st.stm32cube.ide.mcu.externaltools.gnu-tools-for-stm32.10.3-2021.10.win32_1.0.100.202210260954/tools/bin/../lib/gcc/arm-none-eabi/10.3.1/thumb/v7e-m+fp/hard/crti.o
 .ARM.attributes
                0x000000000000001e       0x34 c:/st/stm32cubeide_1.11.0/stm32cubeide/plugins/com.st.stm32cube.ide.mcu.externaltools.gnu-tools-for-stm32.10.3-2021.10.win32_1.0.100.202210260954/tools/bin/../lib/gcc/arm-none-eabi/10.3.1/thumb/v7e-m+fp/hard/crtbegin.o
 .ARM.attributes
                0x0000000000000052       0x34 ./Core/Src/dma.o
 .ARM.attributes
                0x0000000000000086       0x34 ./Core/Src/gpio.o
 .ARM.attributes
                0x00000000000000ba       0x34 ./Core/Src/main.o
 .ARM.attributes
                0x00000000000000ee       0x34 ./Core/Src/stm32f4xx_hal_msp.o
 .ARM.attributes
                0x0000000000000122       0x34 ./Core/Src/stm32f4xx_it.o
 .ARM.attributes
                0x0000000000000156       0x34 ./Core/Src/system_stm32f4xx.o
 .ARM.attributes
                0x000000000000018a       0x34 ./Core/Src/usart.o
 .ARM.attributes
                0x00000000000001be       0x21 ./Core/Startup/startup_stm32f411ceux.o
 .ARM.attributes
                0x00000000000001df       0x34 ./Core/Usr/wt61pc.o
 .ARM.attributes
                0x0000000000000213       0x34 ./Drivers/STM32F4xx_HAL_Driver/Src/stm32f4xx_hal.o
 .ARM.attributes
                0x0000000000000247       0x34 ./Drivers/STM32F4xx_HAL_Driver/Src/stm32f4xx_hal_cortex.o
 .ARM.attributes
                0x000000000000027b       0x34 ./Drivers/STM32F4xx_HAL_Driver/Src/stm32f4xx_hal_dma.o
 .ARM.attributes
                0x00000000000002af       0x34 ./Drivers/STM32F4xx_HAL_Driver/Src/stm32f4xx_hal_gpio.o
 .ARM.attributes
                0x00000000000002e3       0x34 ./Drivers/STM32F4xx_HAL_Driver/Src/stm32f4xx_hal_rcc.o
 .ARM.attributes
                0x0000000000000317       0x34 ./Drivers/STM32F4xx_HAL_Driver/Src/stm32f4xx_hal_uart.o
 .ARM.attributes
                0x000000000000034b       0x34 c:/st/stm32cubeide_1.11.0/stm32cubeide/plugins/com.st.stm32cube.ide.mcu.externaltools.gnu-tools-for-stm32.10.3-2021.10.win32_1.0.100.202210260954/tools/bin/../lib/gcc/arm-none-eabi/10.3.1/../../../../arm-none-eabi/lib/thumb/v7e-m+fp/hard\libc_nano.a(lib_a-init.o)
 .ARM.attributes
                0x000000000000037f       0x34 c:/st/stm32cubeide_1.11.0/stm32cubeide/plugins/com.st.stm32cube.ide.mcu.externaltools.gnu-tools-for-stm32.10.3-2021.10.win32_1.0.100.202210260954/tools/bin/../lib/gcc/arm-none-eabi/10.3.1/../../../../arm-none-eabi/lib/thumb/v7e-m+fp/hard\libc_nano.a(lib_a-memset.o)
 .ARM.attributes
                0x00000000000003b3       0x1e c:/st/stm32cubeide_1.11.0/stm32cubeide/plugins/com.st.stm32cube.ide.mcu.externaltools.gnu-tools-for-stm32.10.3-2021.10.win32_1.0.100.202210260954/tools/bin/../lib/gcc/arm-none-eabi/10.3.1/thumb/v7e-m+fp/hard\libgcc.a(_arm_addsubdf3.o)
 .ARM.attributes
                0x00000000000003d1       0x1e c:/st/stm32cubeide_1.11.0/stm32cubeide/plugins/com.st.stm32cube.ide.mcu.externaltools.gnu-tools-for-stm32.10.3-2021.10.win32_1.0.100.202210260954/tools/bin/../lib/gcc/arm-none-eabi/10.3.1/thumb/v7e-m+fp/hard\libgcc.a(_arm_muldivdf3.o)
 .ARM.attributes
                0x00000000000003ef       0x1e c:/st/stm32cubeide_1.11.0/stm32cubeide/plugins/com.st.stm32cube.ide.mcu.externaltools.gnu-tools-for-stm32.10.3-2021.10.win32_1.0.100.202210260954/tools/bin/../lib/gcc/arm-none-eabi/10.3.1/thumb/v7e-m+fp/hard\libgcc.a(_arm_truncdfsf2.o)
 .ARM.attributes
                0x000000000000040d       0x1e c:/st/stm32cubeide_1.11.0/stm32cubeide/plugins/com.st.stm32cube.ide.mcu.externaltools.gnu-tools-for-stm32.10.3-2021.10.win32_1.0.100.202210260954/tools/bin/../lib/gcc/arm-none-eabi/10.3.1/thumb/v7e-m+fp/hard\libgcc.a(_aeabi_uldivmod.o)
 .ARM.attributes
                0x000000000000042b       0x34 c:/st/stm32cubeide_1.11.0/stm32cubeide/plugins/com.st.stm32cube.ide.mcu.externaltools.gnu-tools-for-stm32.10.3-2021.10.win32_1.0.100.202210260954/tools/bin/../lib/gcc/arm-none-eabi/10.3.1/thumb/v7e-m+fp/hard\libgcc.a(_udivmoddi4.o)
 .ARM.attributes
                0x000000000000045f       0x1e c:/st/stm32cubeide_1.11.0/stm32cubeide/plugins/com.st.stm32cube.ide.mcu.externaltools.gnu-tools-for-stm32.10.3-2021.10.win32_1.0.100.202210260954/tools/bin/../lib/gcc/arm-none-eabi/10.3.1/thumb/v7e-m+fp/hard\libgcc.a(_dvmd_tls.o)
 .ARM.attributes
                0x000000000000047d       0x1e c:/st/stm32cubeide_1.11.0/stm32cubeide/plugins/com.st.stm32cube.ide.mcu.externaltools.gnu-tools-for-stm32.10.3-2021.10.win32_1.0.100.202210260954/tools/bin/../lib/gcc/arm-none-eabi/10.3.1/thumb/v7e-m+fp/hard/crtn.o
OUTPUT(F411 Gryo DFRobot.elf elf32-littlearm)
LOAD linker stubs
LOAD c:/st/stm32cubeide_1.11.0/stm32cubeide/plugins/com.st.stm32cube.ide.mcu.externaltools.gnu-tools-for-stm32.10.3-2021.10.win32_1.0.100.202210260954/tools/bin/../lib/gcc/arm-none-eabi/10.3.1/../../../../arm-none-eabi/lib/thumb/v7e-m+fp/hard\libc.a
LOAD c:/st/stm32cubeide_1.11.0/stm32cubeide/plugins/com.st.stm32cube.ide.mcu.externaltools.gnu-tools-for-stm32.10.3-2021.10.win32_1.0.100.202210260954/tools/bin/../lib/gcc/arm-none-eabi/10.3.1/../../../../arm-none-eabi/lib/thumb/v7e-m+fp/hard\libm.a
LOAD c:/st/stm32cubeide_1.11.0/stm32cubeide/plugins/com.st.stm32cube.ide.mcu.externaltools.gnu-tools-for-stm32.10.3-2021.10.win32_1.0.100.202210260954/tools/bin/../lib/gcc/arm-none-eabi/10.3.1/thumb/v7e-m+fp/hard\libgcc.a

.debug_info     0x0000000000000000     0x9c66
 .debug_info    0x0000000000000000      0x488 ./Core/Src/dma.o
 .debug_info    0x0000000000000488      0x2d4 ./Core/Src/gpio.o
 .debug_info    0x000000000000075c      0xab0 ./Core/Src/main.o
 .debug_info    0x000000000000120c      0x2d4 ./Core/Src/stm32f4xx_hal_msp.o
 .debug_info    0x00000000000014e0      0x6ac ./Core/Src/stm32f4xx_it.o
 .debug_info    0x0000000000001b8c      0x54f ./Core/Src/system_stm32f4xx.o
 .debug_info    0x00000000000020db      0xbfa ./Core/Src/usart.o
 .debug_info    0x0000000000002cd5       0x22 ./Core/Startup/startup_stm32f411ceux.o
 .debug_info    0x0000000000002cf7      0xcc1 ./Core/Usr/wt61pc.o
 .debug_info    0x00000000000039b8      0x90d ./Drivers/STM32F4xx_HAL_Driver/Src/stm32f4xx_hal.o
 .debug_info    0x00000000000042c5      0xd8b ./Drivers/STM32F4xx_HAL_Driver/Src/stm32f4xx_hal_cortex.o
 .debug_info    0x0000000000005050      0x947 ./Drivers/STM32F4xx_HAL_Driver/Src/stm32f4xx_hal_dma.o
 .debug_info    0x0000000000005997      0x78e ./Drivers/STM32F4xx_HAL_Driver/Src/stm32f4xx_hal_gpio.o
 .debug_info    0x0000000000006125      0x98d ./Drivers/STM32F4xx_HAL_Driver/Src/stm32f4xx_hal_rcc.o
 .debug_info    0x0000000000006ab2     0x31b4 ./Drivers/STM32F4xx_HAL_Driver/Src/stm32f4xx_hal_uart.o

.debug_abbrev   0x0000000000000000     0x1b52
 .debug_abbrev  0x0000000000000000      0x10a ./Core/Src/dma.o
 .debug_abbrev  0x000000000000010a       0xd4 ./Core/Src/gpio.o
 .debug_abbrev  0x00000000000001de      0x245 ./Core/Src/main.o
 .debug_abbrev  0x0000000000000423       0xd4 ./Core/Src/stm32f4xx_hal_msp.o
 .debug_abbrev  0x00000000000004f7      0x177 ./Core/Src/stm32f4xx_it.o
 .debug_abbrev  0x000000000000066e      0x116 ./Core/Src/system_stm32f4xx.o
 .debug_abbrev  0x0000000000000784      0x218 ./Core/Src/usart.o
 .debug_abbrev  0x000000000000099c       0x12 ./Core/Startup/startup_stm32f411ceux.o
 .debug_abbrev  0x00000000000009ae      0x2c2 ./Core/Usr/wt61pc.o
 .debug_abbrev  0x0000000000000c70      0x23e ./Drivers/STM32F4xx_HAL_Driver/Src/stm32f4xx_hal.o
 .debug_abbrev  0x0000000000000eae      0x316 ./Drivers/STM32F4xx_HAL_Driver/Src/stm32f4xx_hal_cortex.o
 .debug_abbrev  0x00000000000011c4      0x21b ./Drivers/STM32F4xx_HAL_Driver/Src/stm32f4xx_hal_dma.o
 .debug_abbrev  0x00000000000013df      0x1c4 ./Drivers/STM32F4xx_HAL_Driver/Src/stm32f4xx_hal_gpio.o
 .debug_abbrev  0x00000000000015a3      0x2aa ./Drivers/STM32F4xx_HAL_Driver/Src/stm32f4xx_hal_rcc.o
 .debug_abbrev  0x000000000000184d      0x305 ./Drivers/STM32F4xx_HAL_Driver/Src/stm32f4xx_hal_uart.o

.debug_aranges  0x0000000000000000      0x788
 .debug_aranges
                0x0000000000000000       0x20 ./Core/Src/dma.o
 .debug_aranges
                0x0000000000000020       0x20 ./Core/Src/gpio.o
 .debug_aranges
                0x0000000000000040       0x38 ./Core/Src/main.o
 .debug_aranges
                0x0000000000000078       0x20 ./Core/Src/stm32f4xx_hal_msp.o
 .debug_aranges
                0x0000000000000098       0x78 ./Core/Src/stm32f4xx_it.o
 .debug_aranges
                0x0000000000000110       0x28 ./Core/Src/system_stm32f4xx.o
 .debug_aranges
                0x0000000000000138       0x30 ./Core/Src/usart.o
 .debug_aranges
                0x0000000000000168       0x28 ./Core/Startup/startup_stm32f411ceux.o
 .debug_aranges
                0x0000000000000190       0x80 ./Core/Usr/wt61pc.o
 .debug_aranges
                0x0000000000000210       0xf0 ./Drivers/STM32F4xx_HAL_Driver/Src/stm32f4xx_hal.o
 .debug_aranges
                0x0000000000000300      0x118 ./Drivers/STM32F4xx_HAL_Driver/Src/stm32f4xx_hal_cortex.o
 .debug_aranges
                0x0000000000000418       0x90 ./Drivers/STM32F4xx_HAL_Driver/Src/stm32f4xx_hal_dma.o
 .debug_aranges
                0x00000000000004a8       0x58 ./Drivers/STM32F4xx_HAL_Driver/Src/stm32f4xx_hal_gpio.o
 .debug_aranges
                0x0000000000000500       0x88 ./Drivers/STM32F4xx_HAL_Driver/Src/stm32f4xx_hal_rcc.o
 .debug_aranges
                0x0000000000000588      0x200 ./Drivers/STM32F4xx_HAL_Driver/Src/stm32f4xx_hal_uart.o

.debug_ranges   0x0000000000000000      0x6d0
 .debug_ranges  0x0000000000000000       0x10 ./Core/Src/dma.o
 .debug_ranges  0x0000000000000010       0x10 ./Core/Src/gpio.o
 .debug_ranges  0x0000000000000020       0x28 ./Core/Src/main.o
 .debug_ranges  0x0000000000000048       0x10 ./Core/Src/stm32f4xx_hal_msp.o
 .debug_ranges  0x0000000000000058       0x68 ./Core/Src/stm32f4xx_it.o
 .debug_ranges  0x00000000000000c0       0x18 ./Core/Src/system_stm32f4xx.o
 .debug_ranges  0x00000000000000d8       0x20 ./Core/Src/usart.o
 .debug_ranges  0x00000000000000f8       0x20 ./Core/Startup/startup_stm32f411ceux.o
 .debug_ranges  0x0000000000000118       0x70 ./Core/Usr/wt61pc.o
 .debug_ranges  0x0000000000000188       0xe0 ./Drivers/STM32F4xx_HAL_Driver/Src/stm32f4xx_hal.o
 .debug_ranges  0x0000000000000268      0x108 ./Drivers/STM32F4xx_HAL_Driver/Src/stm32f4xx_hal_cortex.o
 .debug_ranges  0x0000000000000370       0x80 ./Drivers/STM32F4xx_HAL_Driver/Src/stm32f4xx_hal_dma.o
 .debug_ranges  0x00000000000003f0       0x48 ./Drivers/STM32F4xx_HAL_Driver/Src/stm32f4xx_hal_gpio.o
 .debug_ranges  0x0000000000000438       0x78 ./Drivers/STM32F4xx_HAL_Driver/Src/stm32f4xx_hal_rcc.o
 .debug_ranges  0x00000000000004b0      0x220 ./Drivers/STM32F4xx_HAL_Driver/Src/stm32f4xx_hal_uart.o

.debug_macro    0x0000000000000000    0x1599a
 .debug_macro   0x0000000000000000      0x1ce ./Core/Src/dma.o
 .debug_macro   0x00000000000001ce      0xa78 ./Core/Src/dma.o
 .debug_macro   0x0000000000000c46      0x295 ./Core/Src/dma.o
 .debug_macro   0x0000000000000edb       0x2e ./Core/Src/dma.o
 .debug_macro   0x0000000000000f09       0x28 ./Core/Src/dma.o
 .debug_macro   0x0000000000000f31       0x22 ./Core/Src/dma.o
 .debug_macro   0x0000000000000f53       0x8e ./Core/Src/dma.o
 .debug_macro   0x0000000000000fe1       0x51 ./Core/Src/dma.o
 .debug_macro   0x0000000000001032      0x103 ./Core/Src/dma.o
 .debug_macro   0x0000000000001135       0x6a ./Core/Src/dma.o
 .debug_macro   0x000000000000119f      0x1df ./Core/Src/dma.o
 .debug_macro   0x000000000000137e       0x1c ./Core/Src/dma.o
 .debug_macro   0x000000000000139a       0x22 ./Core/Src/dma.o
 .debug_macro   0x00000000000013bc       0xd9 ./Core/Src/dma.o
 .debug_macro   0x0000000000001495     0x102d ./Core/Src/dma.o
 .debug_macro   0x00000000000024c2      0x11f ./Core/Src/dma.o
 .debug_macro   0x00000000000025e1     0xb953 ./Core/Src/dma.o
 .debug_macro   0x000000000000df34       0x6d ./Core/Src/dma.o
 .debug_macro   0x000000000000dfa1     0x367e ./Core/Src/dma.o
 .debug_macro   0x000000000001161f      0x174 ./Core/Src/dma.o
 .debug_macro   0x0000000000011793       0x5c ./Core/Src/dma.o
 .debug_macro   0x00000000000117ef      0x447 ./Core/Src/dma.o
 .debug_macro   0x0000000000011c36      0x9fe ./Core/Src/dma.o
 .debug_macro   0x0000000000012634      0x115 ./Core/Src/dma.o
 .debug_macro   0x0000000000012749      0x11b ./Core/Src/dma.o
 .debug_macro   0x0000000000012864       0xa5 ./Core/Src/dma.o
 .debug_macro   0x0000000000012909      0x15f ./Core/Src/dma.o
 .debug_macro   0x0000000000012a68      0x287 ./Core/Src/dma.o
 .debug_macro   0x0000000000012cef       0x5f ./Core/Src/dma.o
 .debug_macro   0x0000000000012d4e      0x236 ./Core/Src/dma.o
 .debug_macro   0x0000000000012f84      0x132 ./Core/Src/dma.o
 .debug_macro   0x00000000000130b6      0x264 ./Core/Src/dma.o
 .debug_macro   0x000000000001331a       0x2e ./Core/Src/dma.o
 .debug_macro   0x0000000000013348      0x11a ./Core/Src/dma.o
 .debug_macro   0x0000000000013462       0x85 ./Core/Src/dma.o
 .debug_macro   0x00000000000134e7       0x89 ./Core/Src/dma.o
 .debug_macro   0x0000000000013570      0x295 ./Core/Src/dma.o
 .debug_macro   0x0000000000013805      0x126 ./Core/Src/dma.o
 .debug_macro   0x000000000001392b      0x1ce ./Core/Src/gpio.o
 .debug_macro   0x0000000000013af9      0x2be ./Core/Src/main.o
 .debug_macro   0x0000000000013db7       0x52 ./Core/Src/main.o
 .debug_macro   0x0000000000013e09       0x1e ./Core/Src/main.o
 .debug_macro   0x0000000000013e27       0x3c ./Core/Src/main.o
 .debug_macro   0x0000000000013e63       0x34 ./Core/Src/main.o
 .debug_macro   0x0000000000013e97       0x16 ./Core/Src/main.o
 .debug_macro   0x0000000000013ead       0x43 ./Core/Src/main.o
 .debug_macro   0x0000000000013ef0       0x34 ./Core/Src/main.o
 .debug_macro   0x0000000000013f24       0x10 ./Core/Src/main.o
 .debug_macro   0x0000000000013f34       0x58 ./Core/Src/main.o
 .debug_macro   0x0000000000013f8c       0x71 ./Core/Src/main.o
 .debug_macro   0x0000000000013ffd       0x1c ./Core/Src/main.o
 .debug_macro   0x0000000000014019      0x12a ./Core/Src/main.o
 .debug_macro   0x0000000000014143      0x341 ./Core/Src/main.o
 .debug_macro   0x0000000000014484       0x10 ./Core/Src/main.o
 .debug_macro   0x0000000000014494       0x35 ./Core/Src/main.o
 .debug_macro   0x00000000000144c9       0x20 ./Core/Src/main.o
 .debug_macro   0x00000000000144e9      0x1c4 ./Core/Src/stm32f4xx_hal_msp.o
 .debug_macro   0x00000000000146ad      0x1ce ./Core/Src/stm32f4xx_it.o
 .debug_macro   0x000000000001487b      0x1ba ./Core/Src/system_stm32f4xx.o
 .debug_macro   0x0000000000014a35      0x1ce ./Core/Src/usart.o
 .debug_macro   0x0000000000014c03      0x2aa ./Core/Usr/wt61pc.o
 .debug_macro   0x0000000000014ead      0x21a ./Drivers/STM32F4xx_HAL_Driver/Src/stm32f4xx_hal.o
 .debug_macro   0x00000000000150c7      0x1ba ./Drivers/STM32F4xx_HAL_Driver/Src/stm32f4xx_hal_cortex.o
 .debug_macro   0x0000000000015281      0x1c0 ./Drivers/STM32F4xx_HAL_Driver/Src/stm32f4xx_hal_dma.o
 .debug_macro   0x0000000000015441      0x1c0 ./Drivers/STM32F4xx_HAL_Driver/Src/stm32f4xx_hal_gpio.o
 .debug_macro   0x0000000000015601      0x1de ./Drivers/STM32F4xx_HAL_Driver/Src/stm32f4xx_hal_rcc.o
 .debug_macro   0x00000000000157df      0x1bb ./Drivers/STM32F4xx_HAL_Driver/Src/stm32f4xx_hal_uart.o

.debug_line     0x0000000000000000     0xa53c
 .debug_line    0x0000000000000000      0x690 ./Core/Src/dma.o
 .debug_line    0x0000000000000690      0x68f ./Core/Src/gpio.o
 .debug_line    0x0000000000000d1f      0x8f8 ./Core/Src/main.o
 .debug_line    0x0000000000001617      0x692 ./Core/Src/stm32f4xx_hal_msp.o
 .debug_line    0x0000000000001ca9      0x79d ./Core/Src/stm32f4xx_it.o
 .debug_line    0x0000000000002446      0x714 ./Core/Src/system_stm32f4xx.o
 .debug_line    0x0000000000002b5a      0x74d ./Core/Src/usart.o
 .debug_line    0x00000000000032a7       0x88 ./Core/Startup/startup_stm32f411ceux.o
 .debug_line    0x000000000000332f      0xbc7 ./Core/Usr/wt61pc.o
 .debug_line    0x0000000000003ef6      0x97a ./Drivers/STM32F4xx_HAL_Driver/Src/stm32f4xx_hal.o
 .debug_line    0x0000000000004870      0xc29 ./Drivers/STM32F4xx_HAL_Driver/Src/stm32f4xx_hal_cortex.o
 .debug_line    0x0000000000005499      0xede ./Drivers/STM32F4xx_HAL_Driver/Src/stm32f4xx_hal_dma.o
 .debug_line    0x0000000000006377      0xab2 ./Drivers/STM32F4xx_HAL_Driver/Src/stm32f4xx_hal_gpio.o
 .debug_line    0x0000000000006e29      0xcf4 ./Drivers/STM32F4xx_HAL_Driver/Src/stm32f4xx_hal_rcc.o
 .debug_line    0x0000000000007b1d     0x2a1f ./Drivers/STM32F4xx_HAL_Driver/Src/stm32f4xx_hal_uart.o

.debug_str      0x0000000000000000    0x84e9d
 .debug_str     0x0000000000000000    0x7fada ./Core/Src/dma.o
                                      0x7fd5a (size before relaxing)
 .debug_str     0x000000000007fada       0x2c ./Core/Src/gpio.o
                                      0x7f995 (size before relaxing)
 .debug_str     0x000000000007fb06     0x348c ./Core/Src/main.o
                                      0x82e85 (size before relaxing)
 .debug_str     0x0000000000082f92       0x2c ./Core/Src/stm32f4xx_hal_msp.o
                                      0x7f995 (size before relaxing)
 .debug_str     0x0000000000082fbe      0x150 ./Core/Src/stm32f4xx_it.o
                                      0x7fdf2 (size before relaxing)
 .debug_str     0x000000000008310e       0xdb ./Core/Src/system_stm32f4xx.o
                                      0x7fa45 (size before relaxing)
 .debug_str     0x00000000000831e9      0x107 ./Core/Src/usart.o
                                      0x8030b (size before relaxing)
 .debug_str     0x00000000000832f0       0x36 ./Core/Startup/startup_stm32f411ceux.o
                                         0x78 (size before relaxing)
 .debug_str     0x0000000000083326      0x623 ./Core/Usr/wt61pc.o
                                      0x831d3 (size before relaxing)
 .debug_str     0x0000000000083949      0x60b ./Drivers/STM32F4xx_HAL_Driver/Src/stm32f4xx_hal.o
                                      0x80471 (size before relaxing)
 .debug_str     0x0000000000083f54      0x32d ./Drivers/STM32F4xx_HAL_Driver/Src/stm32f4xx_hal_cortex.o
                                      0x80192 (size before relaxing)
 .debug_str     0x0000000000084281      0x2f9 ./Drivers/STM32F4xx_HAL_Driver/Src/stm32f4xx_hal_dma.o
                                      0x7fe4d (size before relaxing)
 .debug_str     0x000000000008457a      0x15d ./Drivers/STM32F4xx_HAL_Driver/Src/stm32f4xx_hal_gpio.o
                                      0x7fbc0 (size before relaxing)
 .debug_str     0x00000000000846d7      0x233 ./Drivers/STM32F4xx_HAL_Driver/Src/stm32f4xx_hal_rcc.o
                                      0x7fe79 (size before relaxing)
 .debug_str     0x000000000008490a      0x593 ./Drivers/STM32F4xx_HAL_Driver/Src/stm32f4xx_hal_uart.o
                                      0x80406 (size before relaxing)

.comment        0x0000000000000000       0x50
 .comment       0x0000000000000000       0x50 ./Core/Src/dma.o
                                         0x51 (size before relaxing)
 .comment       0x0000000000000050       0x51 ./Core/Src/gpio.o
 .comment       0x0000000000000050       0x51 ./Core/Src/main.o
 .comment       0x0000000000000050       0x51 ./Core/Src/stm32f4xx_hal_msp.o
 .comment       0x0000000000000050       0x51 ./Core/Src/stm32f4xx_it.o
 .comment       0x0000000000000050       0x51 ./Core/Src/system_stm32f4xx.o
 .comment       0x0000000000000050       0x51 ./Core/Src/usart.o
 .comment       0x0000000000000050       0x51 ./Core/Usr/wt61pc.o
 .comment       0x0000000000000050       0x51 ./Drivers/STM32F4xx_HAL_Driver/Src/stm32f4xx_hal.o
 .comment       0x0000000000000050       0x51 ./Drivers/STM32F4xx_HAL_Driver/Src/stm32f4xx_hal_cortex.o
 .comment       0x0000000000000050       0x51 ./Drivers/STM32F4xx_HAL_Driver/Src/stm32f4xx_hal_dma.o
 .comment       0x0000000000000050       0x51 ./Drivers/STM32F4xx_HAL_Driver/Src/stm32f4xx_hal_gpio.o
 .comment       0x0000000000000050       0x51 ./Drivers/STM32F4xx_HAL_Driver/Src/stm32f4xx_hal_rcc.o
 .comment       0x0000000000000050       0x51 ./Drivers/STM32F4xx_HAL_Driver/Src/stm32f4xx_hal_uart.o

.debug_frame    0x0000000000000000     0x1dd4
 .debug_frame   0x0000000000000000       0x34 ./Core/Src/dma.o
 .debug_frame   0x0000000000000034       0x38 ./Core/Src/gpio.o
 .debug_frame   0x000000000000006c       0x8c ./Core/Src/main.o
 .debug_frame   0x00000000000000f8       0x38 ./Core/Src/stm32f4xx_hal_msp.o
 .debug_frame   0x0000000000000130      0x158 ./Core/Src/stm32f4xx_it.o
 .debug_frame   0x0000000000000288       0x58 ./Core/Src/system_stm32f4xx.o
 .debug_frame   0x00000000000002e0       0x74 ./Core/Src/usart.o
 .debug_frame   0x0000000000000354      0x1ec ./Core/Usr/wt61pc.o
 .debug_frame   0x0000000000000540      0x374 ./Drivers/STM32F4xx_HAL_Driver/Src/stm32f4xx_hal.o
 .debug_frame   0x00000000000008b4      0x498 ./Drivers/STM32F4xx_HAL_Driver/Src/stm32f4xx_hal_cortex.o
 .debug_frame   0x0000000000000d4c      0x250 ./Drivers/STM32F4xx_HAL_Driver/Src/stm32f4xx_hal_dma.o
 .debug_frame   0x0000000000000f9c      0x14c ./Drivers/STM32F4xx_HAL_Driver/Src/stm32f4xx_hal_gpio.o
 .debug_frame   0x00000000000010e8      0x1f4 ./Drivers/STM32F4xx_HAL_Driver/Src/stm32f4xx_hal_rcc.o
 .debug_frame   0x00000000000012dc      0x92c ./Drivers/STM32F4xx_HAL_Driver/Src/stm32f4xx_hal_uart.o
 .debug_frame   0x0000000000001c08       0x2c c:/st/stm32cubeide_1.11.0/stm32cubeide/plugins/com.st.stm32cube.ide.mcu.externaltools.gnu-tools-for-stm32.10.3-2021.10.win32_1.0.100.202210260954/tools/bin/../lib/gcc/arm-none-eabi/10.3.1/../../../../arm-none-eabi/lib/thumb/v7e-m+fp/hard\libc_nano.a(lib_a-init.o)
 .debug_frame   0x0000000000001c34       0x20 c:/st/stm32cubeide_1.11.0/stm32cubeide/plugins/com.st.stm32cube.ide.mcu.externaltools.gnu-tools-for-stm32.10.3-2021.10.win32_1.0.100.202210260954/tools/bin/../lib/gcc/arm-none-eabi/10.3.1/../../../../arm-none-eabi/lib/thumb/v7e-m+fp/hard\libc_nano.a(lib_a-memset.o)
 .debug_frame   0x0000000000001c54       0xac c:/st/stm32cubeide_1.11.0/stm32cubeide/plugins/com.st.stm32cube.ide.mcu.externaltools.gnu-tools-for-stm32.10.3-2021.10.win32_1.0.100.202210260954/tools/bin/../lib/gcc/arm-none-eabi/10.3.1/thumb/v7e-m+fp/hard\libgcc.a(_arm_addsubdf3.o)
 .debug_frame   0x0000000000001d00       0x50 c:/st/stm32cubeide_1.11.0/stm32cubeide/plugins/com.st.stm32cube.ide.mcu.externaltools.gnu-tools-for-stm32.10.3-2021.10.win32_1.0.100.202210260954/tools/bin/../lib/gcc/arm-none-eabi/10.3.1/thumb/v7e-m+fp/hard\libgcc.a(_arm_muldivdf3.o)
 .debug_frame   0x0000000000001d50       0x24 c:/st/stm32cubeide_1.11.0/stm32cubeide/plugins/com.st.stm32cube.ide.mcu.externaltools.gnu-tools-for-stm32.10.3-2021.10.win32_1.0.100.202210260954/tools/bin/../lib/gcc/arm-none-eabi/10.3.1/thumb/v7e-m+fp/hard\libgcc.a(_arm_truncdfsf2.o)
 .debug_frame   0x0000000000001d74       0x2c c:/st/stm32cubeide_1.11.0/stm32cubeide/plugins/com.st.stm32cube.ide.mcu.externaltools.gnu-tools-for-stm32.10.3-2021.10.win32_1.0.100.202210260954/tools/bin/../lib/gcc/arm-none-eabi/10.3.1/thumb/v7e-m+fp/hard\libgcc.a(_aeabi_uldivmod.o)
 .debug_frame   0x0000000000001da0       0x34 c:/st/stm32cubeide_1.11.0/stm32cubeide/plugins/com.st.stm32cube.ide.mcu.externaltools.gnu-tools-for-stm32.10.3-2021.10.win32_1.0.100.202210260954/tools/bin/../lib/gcc/arm-none-eabi/10.3.1/thumb/v7e-m+fp/hard\libgcc.a(_udivmoddi4.o)
