../Core/Usr/wt61pc.c:33:6:WT61PC_init	16	static
../Core/Usr/wt61pc.c:45:6:WT61PC_rx_callback	24	static
../Core/Usr/wt61pc.c:108:6:WT61PC_rx_restart	8	static
../Core/Usr/wt61pc.c:125:16:WT61PC_checksum_calc	16	static
../Core/Usr/wt61pc.c:141:16:to_i16	24	static
../Core/Usr/wt61pc.c:147:6:WT61PC_tx_routine	8	static
../Core/Usr/wt61pc.c:165:19:WIT_save	16	static
../Core/Usr/wt61pc.c:178:19:WIT_calibrate	16	static
../Core/Usr/wt61pc.c:191:19:WIT_set_output_content	16	static
../Core/Usr/wt61pc.c:204:19:WIT_set_output_rate	16	static
../Core/Usr/wt61pc.c:217:19:WIT_set_baud_rate	16	static
../Core/Usr/wt61pc.c:230:6:UART_change_baud_rate	16	static
../Core/Usr/wt61pc.c:260:6:WIT_TestFunction	8	static
